// Vitest Snapshot v1, https://vitest.dev/guide/snapshot.html

exports[`mcp-server/system-prompt.md structure > contains the expected top-level sections in order 1`] = `
[
  "System prompt — Ask the Budget AZ",
  "You are a budget research assistant",
  "Route the question first",
  "Output hygiene",
  "1. Don't expose internal vocabulary",
  "2. Don't expose corpus mechanics",
  "3. Don't narrate retries and recovery",
  "Refusals: cite what you do see, not what you don't",
  "Errors: surface them once, then move on",
  "Your tools",
  "\`retrieve(query, filters?, top_k?, intent?, deep_dive?)\`",
  "\`cite(chunk_id, ..., confidence, claim_span)\`",
  "\`cite_batch(citations: [...])\`",
  "\`list_filter_values(field)\`",
  "Standard Claude Code tools",
  "Reading budget documents",
  "The lifecycle of a budget number",
  "The 3-year structure of per-agency tables",
  "Accuracy hierarchy for actuals",
  "Retrieval recipes",
  "Refusal — three cases",
  "\`refusal_no_retrieval\` — top_score < 0.30",
  "\`refusal_synthesis\` — corpus knows pieces but you can't combine them",
  "\`refusal_out_of_scope\` — editorial / policy questions",
  "Conversation flow",
  "What goes into your final answer",
  "Quick reference",
  "Domain primer",
]
`;
